// Jest Snapshot v1, https://goo.gl/fbAQLP

exports[`WelcomeScreen renders 1`] = `
<section
  className="welcome"
>
  <button
    className="welcome__button"
    onClick={[MockFunction]}
  >
    <span
      className="visually-hidden"
    >
      Начать игру
    </span>
  </button>
  <h2
    className="welcome__rules-title"
  >
    Правила игры
  </h2>
  <p
    className="welcome__text"
  >
    Правила просты:
  </p>
  <ul
    className="welcome__rules-list"
  >
    <li>
      За 
      5
       минут нужно ответить на все вопросы.
    </li>
    <li>
      Можно допустить 
      3
       ошибки.
    </li>
  </ul>
  <p
    className="welcome__text"
  >
    Удачи!
  </p>
</section>
`;
