// Jest Snapshot v1, https://goo.gl/fbAQLP

exports[`App correctly renders 1`] = `
<section
  className="game game--artist"
>
  <header
    className="game__header"
  >
    <a
      className="game__back"
      href="#"
    >
      <span
        className="visually-hidden"
      >
        Сыграть ещё раз
      </span>
      <img
        alt="Угадай мелодию"
        className="game__logo"
        src="img/melody-logo-ginger.png"
      />
    </a>
    <svg
      className="timer"
      viewBox="0 0 780 780"
      xmlns="http://www.w3.org/2000/svg"
    >
      <circle
        className="timer__line"
        cx="390"
        cy="390"
        r="370"
        style={
          Object {
            "filter": "url(#blur)",
            "transform": "rotate(-90deg) scaleY(-1)",
            "transformOrigin": "center",
          }
        }
      />
    </svg>
    <div
      className="game__mistakes"
    />
  </header>
  <section
    className="welcome"
  >
    <button
      className="welcome__button"
      onClick={[MockFunction]}
    >
      <span
        className="visually-hidden"
      >
        Начать игру
      </span>
    </button>
    <h2
      className="welcome__rules-title"
    >
      Правила игры
    </h2>
    <p
      className="welcome__text"
    >
      Правила просты:
    </p>
    <ul
      className="welcome__rules-list"
    >
      <li>
        За 
        10
         минут нужно ответить на все вопросы.
      </li>
      <li>
        Можно допустить 
        Infinity
         ошибки.
      </li>
    </ul>
    <p
      className="welcome__text"
    >
      Удачи!
    </p>
  </section>
</section>
`;
